// Jest Snapshot v1, https://goo.gl/fbAQLP

exports[`Search input component renders out and match the snapshot 1`] = `
<div>
  <div
    class="sc-bdvvtL kPkscH"
  >
    <input
      aria-label="Search users and repositories"
      class="sc-gsDKAQ jAXgbX search-input"
      placeholder="Search"
      value="abc"
    />
  </div>
</div>
`;
